2017-11-08T09:04:00+00:00 CRITICAL Call to undefined function ark_woocommerce_get__cart_menu_item__content()

2017-11-08T09:07:39+00:00 CRITICAL Call to undefined function ark_wp_kses()

2017-11-08T09:07:44+00:00 CRITICAL Call to undefined function ark_wp_kses()

2017-11-08T09:08:11+00:00 CRITICAL Call to undefined function ark_wp_kses()

2017-11-08T09:08:15+00:00 CRITICAL Call to undefined function ark_wp_kses()

2017-11-08T09:08:20+00:00 CRITICAL Call to undefined function ark_wp_kses()

2017-11-08T09:08:24+00:00 CRITICAL Call to undefined function ark_wp_kses()

2017-11-08T09:08:26+00:00 CRITICAL Call to undefined function ark_wp_kses()

2017-11-08T09:08:27+00:00 CRITICAL Call to undefined function ark_wp_kses()

2017-11-08T09:08:31+00:00 CRITICAL Call to undefined function ark_wp_kses()

2017-11-08T09:08:53+00:00 CRITICAL Call to undefined function ark_wp_kses()

2017-11-08T09:08:54+00:00 CRITICAL Call to undefined function ark_wp_kses()

2017-11-08T09:08:56+00:00 CRITICAL Call to undefined function ark_wp_kses()

2017-11-08T09:08:56+00:00 CRITICAL Call to undefined function ark_wp_kses()

2017-11-08T10:02:55+00:00 CRITICAL Call to undefined function ark_wp_kses()

2017-11-08T10:02:56+00:00 CRITICAL Call to undefined function ark_wp_kses()

2017-11-08T10:03:50+00:00 CRITICAL Call to undefined function __e()

2017-11-08T10:03:52+00:00 CRITICAL Call to undefined function __e()

2017-11-08T10:04:55+00:00 CRITICAL Call to undefined function __e()

2017-11-08T10:04:57+00:00 CRITICAL Call to undefined function __e()

2017-11-08T10:55:18+00:00 CRITICAL Call to undefined function ark_wp_kses()

2017-11-08T10:55:20+00:00 CRITICAL Call to undefined function ark_wp_kses()

2018-01-18T14:39:11+00:00 CRITICAL Call to undefined function __e()

2018-01-18T14:39:47+00:00 CRITICAL Call to undefined function __e()

2018-01-18T14:40:10+00:00 CRITICAL Call to undefined function __e()

2018-01-18T14:40:23+00:00 CRITICAL Call to undefined function __e()

2018-01-18T14:40:51+00:00 CRITICAL Call to undefined function __e()

2018-01-18T14:41:52+00:00 CRITICAL Call to undefined function __e()

2018-01-18T14:41:59+00:00 CRITICAL Call to undefined function __e()

2018-01-18T14:42:25+00:00 CRITICAL Call to undefined function __e()

2018-01-18T14:43:13+00:00 CRITICAL Call to undefined function __e()

2018-01-18T14:43:42+00:00 CRITICAL Call to undefined function __e()

2018-01-18T14:44:15+00:00 CRITICAL Call to undefined function __e()

2018-02-07T09:21:53+00:00 CRITICAL Call to undefined function request_filesystem_credentials()

2018-04-12T08:49:57+00:00 CRITICAL Class 'Redux' not found

2018-05-11T10:05:35+00:00 CRITICAL Call to undefined function header_class()

